// Jest Snapshot v1, https://goo.gl/fbAQLP

exports[`Test NavigationAfterLogin Component should render the component 1`] = `ReactWrapper {}`;
