// Jest Snapshot v1, https://goo.gl/fbAQLP

exports[`Test Checkout Component should render the component 1`] = `ReactWrapper {}`;
