// Jest Snapshot v1, https://goo.gl/fbAQLP

exports[`Test ForgotPassword Component should render the component 1`] = `ReactWrapper {}`;
